// Jest Snapshot v1, https://goo.gl/fbAQLP

exports[`App renders App component correctly 1`] = `
<DocumentFragment>
  <div
    class="weather-app"
  >
    <h1
      class="location-details"
    >
      Manchester, UK
    </h1>
    <div
      class="search-form"
    >
      <input
        placeholder="Town or city"
        type="text"
        value=""
      />
      <button
        type="submit"
      >
        Search
      </button>
    </div>
    <div
      class="forecast-summaries"
    >
      <div
        class="forecast-summary"
        data-testid="forecast-summary"
      >
        <div
          class="forecast-summary__date"
        >
          Mon Apr 30 2018
        </div>
        <div
          class="forecast-summary__icon"
          data-testid="forecast-icon"
        >
          <img
            alt="weather-icon"
            src="https://cdn-icons-png.flaticon.com/128/382/382573.png"
          />
        </div>
        <div
          class="forecast-summary__temperature"
        >
          11°C
        </div>
        <div
          class="forecast-summary__description"
        >
          Clear
        </div>
        <button
          type="button"
        >
          More details
        </button>
      </div>
      <div
        class="forecast-summary"
        data-testid="forecast-summary"
      >
        <div
          class="forecast-summary__date"
        >
          Tue May 01 2018
        </div>
        <div
          class="forecast-summary__icon"
          data-testid="forecast-icon"
        >
          <img
            alt="weather-icon"
            src="https://cdn-icons-png.flaticon.com/128/382/382571.png"
          />
        </div>
        <div
          class="forecast-summary__temperature"
        >
          13°C
        </div>
        <div
          class="forecast-summary__description"
        >
          Stormy
        </div>
        <button
          type="button"
        >
          More details
        </button>
      </div>
      <div
        class="forecast-summary"
        data-testid="forecast-summary"
      >
        <div
          class="forecast-summary__date"
        >
          Wed May 02 2018
        </div>
        <div
          class="forecast-summary__icon"
          data-testid="forecast-icon"
        >
          <img
            alt="weather-icon"
            src="https://cdn-icons-png.flaticon.com/128/382/382569.png"
          />
        </div>
        <div
          class="forecast-summary__temperature"
        >
          1°C
        </div>
        <div
          class="forecast-summary__description"
        >
          Heavy Snow
        </div>
        <button
          type="button"
        >
          More details
        </button>
      </div>
      <div
        class="forecast-summary"
        data-testid="forecast-summary"
      >
        <div
          class="forecast-summary__date"
        >
          Thu May 03 2018
        </div>
        <div
          class="forecast-summary__icon"
          data-testid="forecast-icon"
        >
          <img
            alt="weather-icon"
            src="https://cdn-icons-png.flaticon.com/128/11103/11103556.png"
          />
        </div>
        <div
          class="forecast-summary__temperature"
        >
          20°C
        </div>
        <div
          class="forecast-summary__description"
        >
          Tornado
        </div>
        <button
          type="button"
        >
          More details
        </button>
      </div>
      <div
        class="forecast-summary"
        data-testid="forecast-summary"
      >
        <div
          class="forecast-summary__date"
        >
          Fri May 04 2018
        </div>
        <div
          class="forecast-summary__icon"
          data-testid="forecast-icon"
        >
          <img
            alt="weather-icon"
            src="https://cdn-icons-png.flaticon.com/128/11103/11103556.png"
          />
        </div>
        <div
          class="forecast-summary__temperature"
        >
          25°C
        </div>
        <div
          class="forecast-summary__description"
        >
          Hazy
        </div>
        <button
          type="button"
        >
          More details
        </button>
      </div>
    </div>
    <div
      class="forecast-details"
    >
      <div
        class="forecast-details__date"
      >
        Mon Apr 30 2018
      </div>
      <div
        class="forecast-details__temperature"
      >
        <strong
          class="forecast-details__label"
        >
           Max Temperature: 
        </strong>
        <strong
          class="forecast-details__temperature-max"
        >
          11°C  
        </strong>
        <strong
          class="forecast-details__label"
        >
           Min Temperature: 
        </strong>
        <strong
          class="forecast-details__temperature-min"
        >
          4°C
        </strong>
      </div>
      <div
        class="forecast-details_humidity"
      >
        <strong
          class="forecast-details__label"
        >
           Humidity: 
        </strong>
        <strong
          class="forecast-details__humidity"
        >
           30 % 
        </strong>
      </div>
      <div
        class="forecast-details__wind"
      >
        <strong
          class="forecast-details__label"
        >
           Wind: 
        </strong>
        <strong
          class="forecast-details__wind-direction"
        >
          s
        </strong>
        <strong
          class="forecast-details__wind-speed"
        >
           13 mph 
        </strong>
      </div>
    </div>
  </div>
</DocumentFragment>
`;
